// Jest Snapshot v1, https://goo.gl/fbAQLP

exports[`Pruebas en  debe de mostrar snapshot por defecto  1`] = `
<div>
  <h4>
    Breaking Bad Quotes
  </h4>
  <div
    className="alert alert-info text-center"
  >
    Loading...
  </div>
  <button
    className="btn btn-primary"
    onClick={[Function]}
  >
    Siguiente quote
  </button>
</div>
`;
